[INFO] Scanning for projects...
[WARNING] 
[WARNING] Some problems were encountered while building the effective model for com.itheima:qiYeShiXun:jar:0.0.1-SNAPSHOT
[WARNING] 'dependencies.dependency.(groupId:artifactId:type:classifier)' must be unique: cn.hutool:hutool-all:jar -> version ${hutool.version} vs 5.8.25 @ line 101, column 21
[WARNING] 
[WARNING] It is highly recommended to fix these problems because they threaten the stability of your build.
[WARNING] 
[WARNING] For this reason, future Maven versions might no longer support building such malformed projects.
[WARNING] 
[INFO] 
[INFO] -----------------------< com.itheima:qiYeShiXun >-----------------------
[INFO] Building qiYeShiXun 0.0.1-SNAPSHOT
[INFO]   from pom.xml
[INFO] --------------------------------[ jar ]---------------------------------
[INFO] 
[INFO] --- clean:3.3.2:clean (default-clean) @ qiYeShiXun ---
[INFO] Deleting D:\workspace\qiYeShiXun\target
[INFO] 
[INFO] --- resources:3.3.1:resources (default-resources) @ qiYeShiXun ---
[INFO] Copying 16 resources from src\main\resources to target\classes
[INFO] Copying 0 resource from src\main\java to target\classes
[INFO] 
[INFO] --- compiler:3.11.0:compile (default-compile) @ qiYeShiXun ---
[INFO] Changes detected - recompiling the module! :source
[INFO] Compiling 85 source files with javac [debug release 17] to target\classes
[INFO] /D:/workspace/qiYeShiXun/src/main/java/com/itheima/qiyeshixun/controller/CenterWarehouseController.java: D:\workspace\qiYeShiXun\src\main\java\com\itheima\qiyeshixun\controller\CenterWarehouseController.java使用了未经检查或不安全的操作。
[INFO] /D:/workspace/qiYeShiXun/src/main/java/com/itheima/qiyeshixun/controller/CenterWarehouseController.java: 有关详细信息, 请使用 -Xlint:unchecked 重新编译。
[INFO] 某些消息已经过简化; 请使用 -Xdiags:verbose 重新编译以获得完整输出
[INFO] -------------------------------------------------------------
[ERROR] COMPILATION ERROR : 
[INFO] -------------------------------------------------------------
[ERROR] /D:/workspace/qiYeShiXun/src/main/java/com/itheima/qiyeshixun/service/impl/CustomerServiceImpl.java:[92,29] 不兼容的类型: byte无法转换为java.lang.Integer
[ERROR] /D:/workspace/qiYeShiXun/src/main/java/com/itheima/qiyeshixun/service/impl/CustomerServiceImpl.java:[134,29] 不兼容的类型: byte无法转换为java.lang.Integer
[INFO] 2 errors 
[INFO] -------------------------------------------------------------
[INFO] ------------------------------------------------------------------------
[INFO] BUILD FAILURE
[INFO] ------------------------------------------------------------------------
[INFO] Total time:  3.624 s
[INFO] Finished at: 2026-03-12T14:21:34+08:00
[INFO] ------------------------------------------------------------------------
[ERROR] Failed to execute goal org.apache.maven.plugins:maven-compiler-plugin:3.11.0:compile (default-compile) on project qiYeShiXun: Compilation failure: Compilation failure: 
[ERROR] /D:/workspace/qiYeShiXun/src/main/java/com/itheima/qiyeshixun/service/impl/CustomerServiceImpl.java:[92,29] 不兼容的类型: byte无法转换为java.lang.Integer
[ERROR] /D:/workspace/qiYeShiXun/src/main/java/com/itheima/qiyeshixun/service/impl/CustomerServiceImpl.java:[134,29] 不兼容的类型: byte无法转换为java.lang.Integer
[ERROR] -> [Help 1]
[ERROR] 
[ERROR] To see the full stack trace of the errors, re-run Maven with the -e switch.
[ERROR] Re-run Maven using the -X switch to enable full debug logging.
[ERROR] 
[ERROR] For more information about the errors and possible solutions, please read the following articles:
[ERROR] [Help 1] http://cwiki.apache.org/confluence/display/MAVEN/MojoFailureException
